[2026-04-29 07:25:11] ==== Arkadian daily update for 2026-04-29 ====
[2026-04-29 07:25:11] ARKADIAN_DIR=/root/arkadian
[2026-04-29 07:25:11] ---- arkade-assets  (/root/.arkadian/repos/arkade-assets) ----
[2026-04-29 07:25:13] OK    arkade-assets (master) — already up to date
[2026-04-29 07:25:13] ---- arkade-escrow  (/root/.arkadian/repos/arkade-escrow) ----
[2026-04-29 07:25:14] OK    arkade-escrow (master) — already up to date
[2026-04-29 07:25:14] ---- arkade-explorer  (/root/.arkadian/repos/arkade-explorer) ----
[2026-04-29 07:25:16] PULL  arkade-explorer (master) — 6720218 → 12f198c
[2026-04-29 07:25:16] DOCS  arkade-explorer — invoking update-project skill
[2026-04-29 07:28:22] DOCS  arkade-explorer — update-project completed
[2026-04-29 07:28:22] ---- arkd  (/root/.arkadian/repos/arkd) ----
[2026-04-29 07:28:23] OK    arkd (master) — already up to date
[2026-04-29 07:28:23] ---- ark-docs  (/root/.arkadian/repos/docs) ----
[2026-04-29 07:28:26] PULL  ark-docs (master) — 00af65a → b65b10b
[2026-04-29 07:28:26] DOCS  ark-docs — invoking update-project skill
[2026-04-29 07:32:00] DOCS  ark-docs — update-project completed
[2026-04-29 07:32:00] ---- ark-faucet  (/root/.arkadian/repos/ark-faucet) ----
[2026-04-29 07:32:01] OK    ark-faucet (master) — already up to date
[2026-04-29 07:32:01] ---- ark-infra  (/root/.arkadian/repos/ark-infra) ----
[2026-04-29 07:32:03] PULL  ark-infra (master) — ef32279 → c12813d
[2026-04-29 07:32:03] DOCS  ark-infra — invoking update-project skill
[2026-04-29 07:37:43] DOCS  ark-infra — update-project completed
[2026-04-29 07:37:43] ---- ark-simulator  (/root/.arkadian/repos/ark-simulator) ----
[2026-04-29 07:37:45] OK    ark-simulator (main) — already up to date
[2026-04-29 07:37:45] ---- ark-telemetry  (/root/.arkadian/repos/ark-telemetry) ----
[2026-04-29 07:37:46] OK    ark-telemetry (master) — already up to date
[2026-04-29 07:37:46] ---- boltz-backend  (/root/.arkadian/repos/boltz-backend) ----
[2026-04-29 07:37:49] PULL  boltz-backend (master) — e92b7e3 → 6ba692a
[2026-04-29 07:37:49] DOCS  boltz-backend — invoking update-project skill
[2026-04-29 07:41:03] DOCS  boltz-backend — update-project completed
[2026-04-29 07:41:03] ---- boltz-swap  (/root/.arkadian/repos/boltz-swap) ----
[2026-04-29 07:41:05] PULL  boltz-swap (master) — 50eff50 → 81ce8c3
[2026-04-29 07:41:05] DOCS  boltz-swap — invoking update-project skill
[2026-04-29 07:44:02] DOCS  boltz-swap — update-project completed
[2026-04-29 07:44:02] ---- compiler  (/root/.arkadian/repos/compiler) ----
[2026-04-29 07:44:04] PULL  compiler (master) — cdd3625 → c6ab158
[2026-04-29 07:44:04] DOCS  compiler — invoking update-project skill
[2026-04-29 07:45:46] DOCS  compiler — update-project completed
[2026-04-29 07:45:46] ---- dotnet-sdk  (/root/.arkadian/repos/dotnet-sdk) ----
[2026-04-29 07:45:49] PULL  dotnet-sdk (master) — ab79ffa → 1020e22
[2026-04-29 07:45:49] DOCS  dotnet-sdk — invoking update-project skill
[2026-04-29 07:55:13] DOCS  dotnet-sdk — update-project completed
[2026-04-29 07:55:13] ---- fulmine  (/root/.arkadian/repos/fulmine) ----
[2026-04-29 07:55:13] SKIP  fulmine — uncommitted local changes
[2026-04-29 07:55:13] ---- go-sdk  (/root/.arkadian/repos/go-sdk) ----
[2026-04-29 07:55:13] SKIP  go-sdk — uncommitted local changes
[2026-04-29 07:55:13] ---- introspector  (/root/.arkadian/repos/introspector) ----
[2026-04-29 07:55:15] PULL  introspector (master) — cc96254 → b60e40a
[2026-04-29 07:55:15] DOCS  introspector — invoking update-project skill
[2026-04-29 07:59:41] DOCS  introspector — update-project completed
[2026-04-29 07:59:41] ---- kms-unlocker  (/root/.arkadian/repos/kms-unlocker) ----
[2026-04-29 07:59:42] OK    kms-unlocker (master) — already up to date
[2026-04-29 07:59:42] ---- rust-sdk  (/root/.arkadian/repos/rust-sdk) ----
[2026-04-29 07:59:45] PULL  rust-sdk (master) — 07a8bca → 3abb5df
[2026-04-29 07:59:45] DOCS  rust-sdk — invoking update-project skill
[2026-04-29 08:05:39] DOCS  rust-sdk — update-project completed
[2026-04-29 08:05:39] ---- ts-sdk  (/root/.arkadian/repos/ts-sdk) ----
[2026-04-29 08:05:41] PULL  ts-sdk (master) — e5e1bd9 → 273496c
[2026-04-29 08:05:41] DOCS  ts-sdk — invoking update-project skill
[2026-04-29 08:07:38] DOCS  ts-sdk — update-project completed
[2026-04-29 08:07:38] ---- wallet  (/root/.arkadian/repos/wallet) ----
[2026-04-29 08:07:41] PULL  wallet (master) — 7e24d4d → c0c70aa
[2026-04-29 08:07:41] DOCS  wallet — invoking update-project skill
[2026-04-29 08:12:57] DOCS  wallet — update-project completed
[2026-04-29 08:12:57] Daily changelog written: /root/arkadian/docs/daily-changelogs/2026-04-29.md
[2026-04-29 08:12:57] ==== Done. checked=20 pulled=11 uptodate=7 skipped=2 failed=0 docs=11 ====
